===== 同期復旧の記録 Thu Aug 13 19:44:38 JST 2026 =====
hostname      : kojimajoujinoMac-mini.local
hostname -s   : kojimajoujinoMac-mini
ComputerName  : 小嶋譲司のMac mini
--- 復旧前 ---
## HEAD (no branch)
M  "TOEcompany/\343\203\241\343\203\207\343\202\243\343\202\242\344\272\213\346\245\255\351\203\250/\345\205\261\351\200\232/\351\201\213\347\224\250/.bing-submit-state.json"
A  "TOEcompany/\343\203\241\343\203\207\343\202\243\343\202\242\344\272\213\346\245\255\351\203\250/\345\205\261\351\200\232/\351\201\213\347\224\250/\343\203\254\343\203\235\343\203\274\343\203\210/2026-08-13_AEO-SEO\347\202\271\346\244\234.md"
A  "TOEcompany/\343\203\241\343\203\207\343\202\243\343\202\242\344\272\213\346\245\255\351\203\250/\345\205\261\351\200\232/\351\201\213\347\224\250/\343\203\254\343\203\235\343\203\274\343\203\210/2026-08-13_Bing\351\200\201\344\277\241.md"
AA "TOEcompany/\343\203\241\343\203\207\343\202\243\343\202\242\344\272\213\346\245\255\351\203\250/\345\205\261\351\200\232/\351\201\213\347\224\250/\343\203\254\343\203\235\343\203\274\343\203\210/\346\234\235\343\201\256\351\201\213\347\224\250\343\203\201\343\202\247\343\203\203\343\202\257_2026-08-13.md"
--- 詰まりの痕跡（rebase/lock の残骸）---
-rw-r--r--@  1 kojimajouji  staff      41 Aug 13 18:32 AUTO_MERGE
-rw-r--r--@  1 kojimajouji  staff     157 Aug 13 18:32 MERGE_MSG
-rw-r--r--@  1 kojimajouji  staff      41 Aug 13 18:32 REBASE_HEAD
drwxr-xr-x@ 17 kojimajouji  staff     544 Aug 13 18:32 rebase-merge
--- 同期の常駐 ---
(常駐なし)
--- auto-push 直近ログ ---
[Thu Aug 13 19:42:04 JST 2026] SELFHEAL toe-workspace: detached/中断rebase を検出 → main へ復帰
error: The following untracked working tree files would be overwritten by reset:
	_同期状態/_____Mac_mini.json
Please move or remove them before you reset.
Aborting
fatal: could not move back to 08f302b485b62406cff1cb9be1fb07fc87ff78a9
error: you need to resolve your current index first
TOEcompany/メディア事業部/共通/運用/レポート/朝の運用チェック_2026-08-13.md: needs merge
[Thu Aug 13 19:42:04 JST 2026] SELFHEAL FAILED toe-workspace: 手動対応が必要です
[Thu Aug 13 19:42:05 JST 2026] NON-MAIN (HEAD) in toe-workspace, skip push
[Thu Aug 13 19:44:25 JST 2026] SELFHEAL toe-workspace: detached/中断rebase を検出 → main へ復帰
error: The following untracked working tree files would be overwritten by reset:
	_同期状態/_____Mac_mini.json
Please move or remove them before you reset.
Aborting
fatal: could not move back to 08f302b485b62406cff1cb9be1fb07fc87ff78a9
error: you need to resolve your current index first
TOEcompany/メディア事業部/共通/運用/レポート/朝の運用チェック_2026-08-13.md: needs merge
[Thu Aug 13 19:44:26 JST 2026] SELFHEAL FAILED toe-workspace: 手動対応が必要です
[Thu Aug 13 19:44:26 JST 2026] NON-MAIN (HEAD) in toe-workspace, skip push
[Thu Aug 13 19:44:32 JST 2026] SELFHEAL toe-workspace: detached/中断rebase を検出 → main へ復帰
error: The following untracked working tree files would be overwritten by reset:
	_同期状態/_____Mac_mini.json
Please move or remove them before you reset.
Aborting
fatal: could not move back to 08f302b485b62406cff1cb9be1fb07fc87ff78a9
error: you need to resolve your current index first
TOEcompany/メディア事業部/共通/運用/レポート/朝の運用チェック_2026-08-13.md: needs merge
[Thu Aug 13 19:44:32 JST 2026] SELFHEAL FAILED toe-workspace: 手動対応が必要です
[Thu Aug 13 19:44:33 JST 2026] NON-MAIN (HEAD) in toe-workspace, skip push
--- 見守りを実行 ---
--- 復旧後 ---
## HEAD (no branch)
M  "TOEcompany/\343\203\241\343\203\207\343\202\243\343\202\242\344\272\213\346\245\255\351\203\250/\345\205\261\351\200\232/\351\201\213\347\224\250/.bing-submit-state.json"
A  "TOEcompany/\343\203\241\343\203\207\343\202\243\343\202\242\344\272\213\346\245\255\351\203\250/\345\205\261\351\200\232/\351\201\213\347\224\250/\343\203\254\343\203\235\343\203\274\343\203\210/2026-08-13_AEO-SEO\347\202\271\346\244\234.md"
A  "TOEcompany/\343\203\241\343\203\207\343\202\243\343\202\242\344\272\213\346\245\255\351\203\250/\345\205\261\351\200\232/\351\201\213\347\224\250/\343\203\254\343\203\235\343\203\274\343\203\210/2026-08-13_Bing\351\200\201\344\277\241.md"
AA "TOEcompany/\343\203\241\343\203\207\343\202\243\343\202\242\344\272\213\346\245\255\351\203\250/\345\205\261\351\200\232/\351\201\213\347\224\250/\343\203\254\343\203\235\343\203\274\343\203\210/\346\234\235\343\201\256\351\201\213\347\224\250\343\203\201\343\202\247\343\203\203\343\202\257_2026-08-13.md"
--- 共通フレームは届いたか（今夜の日次はこれが要る）---
-rw-r--r--@ 1 kojimajouji  staff  10391 Aug 13 18:32 /Users/kojimajouji/claude_AIR/TOEcompany/メディア事業部/共通/運用/media-daily.sh
