===== claude_AIR 復旧 Fri Aug 14 19:38:17 JST 2026 =====
host: kojimajoujinoMac-mini / 小嶋譲司のMac mini
--- 復旧前 ---
## HEAD (no branch)
MM "TOEcompany/\343\203\241\343\203\207\343\202\243\343\202\242\344\272\213\346\245\255\351\203\250/\345\205\261\351\200\232/\351\201\213\347\224\250/.bing-submit-state.json"
A  "TOEcompany/\343\203\241\343\203\207\343\202\243\343\202\242\344\272\213\346\245\255\351\203\250/\345\205\261\351\200\232/\351\201\213\347\224\250/\343\203\254\343\203\235\343\203\274\343\203\210/2026-08-13_AEO-SEO\347\202\271\346\244\234.md"
HEAD=53a3ffd5 2026-08-13 18:31:07 +0900 auto: sync toe-workspace 2026-08-13 18:31
--- 1. 残留ロックと中断rebaseの掃除 ---
index.lock を除去
error: The following untracked working tree files would be overwritten by reset:
	_同期状態/_____Mac_mini.json
Please move or remove them before you reset.
Aborting
fatal: could not move back to 08f302b485b62406cff1cb9be1fb07fc87ff78a9
--- 2. 未コミットを退避コミット（捨てない）---
退避した: 39244550 mini: 復旧前の退避コミット 20260814-193817
--- 3. detached なら退避ブランチに固定してから main へ ---
退避ブランチ rescue-mini-20260814-193817 を作成（元の作業はここに残る）
and have 4 and 191 different commits each, respectively.
  (use "git pull" if you want to integrate the remote branch with yours)
branch 'main' set up to track 'origin/main'.
--- 4. 同期を通す ---
From https://github.com/jojikoj/toe-workspace
   e0886797..595998c0  main       -> origin/main
and run me again.  I am stopping in case you still have something
valuable there.

hint: its remote counterpart. If you want to integrate the remote changes,
hint: use 'git pull' before pushing again.
hint: See the 'Note about fast-forwards' in 'git push --help' for details.
--- 5. 同期の常駐を入れる ---
  停止したいとき: launchctl unload /Users/kojimajouji/Library/LaunchAgents/info.toe.autopull.plist
  今すぐ1回試す: bash /Users/kojimajouji/claude_AIR/scripts/auto-pull.sh && echo OK
install_autopush.sh がまだ届いていない
install_sync_watchdog.sh がまだ届いていない
46334	0	info.toe.autopull
--- 復旧後 ---
## main...origin/main [ahead 4, behind 272]
HEAD=08f302b4 2026-08-13 18:32:23 +0900 auto: sync toe-workspace 2026-08-13 18:32
--- 共通フレーム（今夜の日次が要る）---
ls: /Users/kojimajouji/claude_AIR/TOEcompany/メディア事業部/共通/運用/media-daily.sh: No such file or directory
